// Jest Snapshot v1, https://goo.gl/fbAQLP

exports[`TopScreen matches snapshot 1`] = `
<RCTSafeAreaView
  style={
    {
      "backgroundColor": "#ffffff",
      "flex": 1,
    }
  }
>
  <View
    style={
      {
        "alignItems": "center",
        "paddingBottom": 40,
        "paddingTop": 60,
      }
    }
  >
    <Text
      style={
        {
          "color": "#333333",
          "fontSize": 32,
          "fontWeight": "bold",
          "letterSpacing": 2,
        }
      }
    >
      TOPIK道場
    </Text>
  </View>
  <View
    style={
      {
        "alignItems": "center",
        "paddingVertical": 30,
      }
    }
  >
    <View
      accessibilityState={
        {
          "busy": undefined,
          "checked": undefined,
          "disabled": false,
          "expanded": undefined,
          "selected": undefined,
        }
      }
      accessibilityValue={
        {
          "max": undefined,
          "min": undefined,
          "now": undefined,
          "text": undefined,
        }
      }
      accessible={true}
      collapsable={false}
      focusable={true}
      onClick={[Function]}
      onResponderGrant={[Function]}
      onResponderMove={[Function]}
      onResponderRelease={[Function]}
      onResponderTerminate={[Function]}
      onResponderTerminationRequest={[Function]}
      onStartShouldSetResponder={[Function]}
      style={
        {
          "backgroundColor": "#ffffff",
          "borderColor": "#007AFF",
          "borderRadius": 8,
          "borderWidth": 2,
          "opacity": 1,
          "paddingHorizontal": 40,
          "paddingVertical": 15,
        }
      }
    >
      <Text
        style={
          [
            {
              "color": "#007AFF",
              "fontSize": 18,
              "fontWeight": "600",
            },
            false,
          ]
        }
      >
        復習 (
        15
        語)
      </Text>
    </View>
  </View>
  <View
    style={
      {
        "flex": 1,
        "justifyContent": "center",
        "paddingHorizontal": 20,
      }
    }
  >
    <View
      style={
        {
          "alignItems": "center",
        }
      }
    >
      <View
        style={
          {
            "flexDirection": "row",
            "justifyContent": "space-between",
            "marginVertical": 15,
            "width": "100%",
          }
        }
      >
        <View
          accessibilityState={
            {
              "busy": undefined,
              "checked": undefined,
              "disabled": undefined,
              "expanded": undefined,
              "selected": undefined,
            }
          }
          accessibilityValue={
            {
              "max": undefined,
              "min": undefined,
              "now": undefined,
              "text": undefined,
            }
          }
          accessible={true}
          collapsable={false}
          focusable={true}
          onClick={[Function]}
          onResponderGrant={[Function]}
          onResponderMove={[Function]}
          onResponderRelease={[Function]}
          onResponderTerminate={[Function]}
          onResponderTerminationRequest={[Function]}
          onStartShouldSetResponder={[Function]}
          style={
            {
              "alignItems": "center",
              "backgroundColor": "#ffffff",
              "borderColor": "#333333",
              "borderRadius": 4,
              "borderWidth": 1,
              "flex": 1,
              "marginHorizontal": 10,
              "opacity": 1,
              "paddingVertical": 20,
            }
          }
        >
          <Text
            style={
              {
                "color": "#333333",
                "fontSize": 16,
                "fontWeight": "500",
              }
            }
          >
            1
            級
          </Text>
        </View>
        <View
          accessibilityState={
            {
              "busy": undefined,
              "checked": undefined,
              "disabled": undefined,
              "expanded": undefined,
              "selected": undefined,
            }
          }
          accessibilityValue={
            {
              "max": undefined,
              "min": undefined,
              "now": undefined,
              "text": undefined,
            }
          }
          accessible={true}
          collapsable={false}
          focusable={true}
          onClick={[Function]}
          onResponderGrant={[Function]}
          onResponderMove={[Function]}
          onResponderRelease={[Function]}
          onResponderTerminate={[Function]}
          onResponderTerminationRequest={[Function]}
          onStartShouldSetResponder={[Function]}
          style={
            {
              "alignItems": "center",
              "backgroundColor": "#ffffff",
              "borderColor": "#333333",
              "borderRadius": 4,
              "borderWidth": 1,
              "flex": 1,
              "marginHorizontal": 10,
              "opacity": 1,
              "paddingVertical": 20,
            }
          }
        >
          <Text
            style={
              {
                "color": "#333333",
                "fontSize": 16,
                "fontWeight": "500",
              }
            }
          >
            2
            級
          </Text>
        </View>
        <View
          accessibilityState={
            {
              "busy": undefined,
              "checked": undefined,
              "disabled": undefined,
              "expanded": undefined,
              "selected": undefined,
            }
          }
          accessibilityValue={
            {
              "max": undefined,
              "min": undefined,
              "now": undefined,
              "text": undefined,
            }
          }
          accessible={true}
          collapsable={false}
          focusable={true}
          onClick={[Function]}
          onResponderGrant={[Function]}
          onResponderMove={[Function]}
          onResponderRelease={[Function]}
          onResponderTerminate={[Function]}
          onResponderTerminationRequest={[Function]}
          onStartShouldSetResponder={[Function]}
          style={
            {
              "alignItems": "center",
              "backgroundColor": "#ffffff",
              "borderColor": "#333333",
              "borderRadius": 4,
              "borderWidth": 1,
              "flex": 1,
              "marginHorizontal": 10,
              "opacity": 1,
              "paddingVertical": 20,
            }
          }
        >
          <Text
            style={
              {
                "color": "#333333",
                "fontSize": 16,
                "fontWeight": "500",
              }
            }
          >
            3
            級
          </Text>
        </View>
      </View>
      <View
        style={
          {
            "flexDirection": "row",
            "justifyContent": "space-between",
            "marginVertical": 15,
            "width": "100%",
          }
        }
      >
        <View
          accessibilityState={
            {
              "busy": undefined,
              "checked": undefined,
              "disabled": undefined,
              "expanded": undefined,
              "selected": undefined,
            }
          }
          accessibilityValue={
            {
              "max": undefined,
              "min": undefined,
              "now": undefined,
              "text": undefined,
            }
          }
          accessible={true}
          collapsable={false}
          focusable={true}
          onClick={[Function]}
          onResponderGrant={[Function]}
          onResponderMove={[Function]}
          onResponderRelease={[Function]}
          onResponderTerminate={[Function]}
          onResponderTerminationRequest={[Function]}
          onStartShouldSetResponder={[Function]}
          style={
            {
              "alignItems": "center",
              "backgroundColor": "#ffffff",
              "borderColor": "#333333",
              "borderRadius": 4,
              "borderWidth": 1,
              "flex": 1,
              "marginHorizontal": 10,
              "opacity": 1,
              "paddingVertical": 20,
            }
          }
        >
          <Text
            style={
              {
                "color": "#333333",
                "fontSize": 16,
                "fontWeight": "500",
              }
            }
          >
            4
            級
          </Text>
        </View>
        <View
          accessibilityState={
            {
              "busy": undefined,
              "checked": undefined,
              "disabled": undefined,
              "expanded": undefined,
              "selected": undefined,
            }
          }
          accessibilityValue={
            {
              "max": undefined,
              "min": undefined,
              "now": undefined,
              "text": undefined,
            }
          }
          accessible={true}
          collapsable={false}
          focusable={true}
          onClick={[Function]}
          onResponderGrant={[Function]}
          onResponderMove={[Function]}
          onResponderRelease={[Function]}
          onResponderTerminate={[Function]}
          onResponderTerminationRequest={[Function]}
          onStartShouldSetResponder={[Function]}
          style={
            {
              "alignItems": "center",
              "backgroundColor": "#ffffff",
              "borderColor": "#333333",
              "borderRadius": 4,
              "borderWidth": 1,
              "flex": 1,
              "marginHorizontal": 10,
              "opacity": 1,
              "paddingVertical": 20,
            }
          }
        >
          <Text
            style={
              {
                "color": "#333333",
                "fontSize": 16,
                "fontWeight": "500",
              }
            }
          >
            5
            級
          </Text>
        </View>
        <View
          accessibilityState={
            {
              "busy": undefined,
              "checked": undefined,
              "disabled": undefined,
              "expanded": undefined,
              "selected": undefined,
            }
          }
          accessibilityValue={
            {
              "max": undefined,
              "min": undefined,
              "now": undefined,
              "text": undefined,
            }
          }
          accessible={true}
          collapsable={false}
          focusable={true}
          onClick={[Function]}
          onResponderGrant={[Function]}
          onResponderMove={[Function]}
          onResponderRelease={[Function]}
          onResponderTerminate={[Function]}
          onResponderTerminationRequest={[Function]}
          onStartShouldSetResponder={[Function]}
          style={
            {
              "alignItems": "center",
              "backgroundColor": "#ffffff",
              "borderColor": "#333333",
              "borderRadius": 4,
              "borderWidth": 1,
              "flex": 1,
              "marginHorizontal": 10,
              "opacity": 1,
              "paddingVertical": 20,
            }
          }
        >
          <Text
            style={
              {
                "color": "#333333",
                "fontSize": 16,
                "fontWeight": "500",
              }
            }
          >
            6
            級
          </Text>
        </View>
      </View>
    </View>
  </View>
</RCTSafeAreaView>
`;
